ubuntu@ubuntu-OptiPlex-5000:~$ mysql -u root -p
Enter password: 
Welcome to the MySQL monitor.  Commands end with ; or \g.
Your MySQL connection id is 8
Server version: 8.0.30-0ubuntu0.22.04.1 (Ubuntu)

Copyright (c) 2000, 2022, Oracle and/or its affiliates.

Oracle is a registered trademark of Oracle Corporation and/or its
affiliates. Other names may be trademarks of their respective
owners.

Type 'help;' or '\h' for help. Type '\c' to clear the current input statement.

mysql> show databases;
+--------------------+
| Database           |
+--------------------+
| A1batch            |
| Anime              |
| B1_Student         |
| B6                 |
| Employee           |
| ITC                |
| Indian_Team        |
| Library            |
| NBA                |
| Nishant            |
| Ok                 |
| Pratik             |
| books              |
| client             |
| compsci046         |
| cricket            |
| emp                |
| employee           |
| employee1          |
| hospital           |
| india              |
| india_a            |
| information_schema |
| instagram          |
| library            |
| movies             |
| mysql              |
| new                |
| performance_schema |
| rutik              |
| shop               |
| shop1              |
| shreyash           |
| std                |
| store              |
| student            |
| students           |
| sys                |
| teb                |
+--------------------+
39 rows in set (0.01 sec)

mysql> use NBA;
Reading table information for completion of table and column names
You can turn off this feature to get a quicker startup with -A

Database changed
mysql> select * from NBA;
ERROR 1146 (42S02): Table 'NBA.NBA' doesn't exist
mysql> show tables;
+---------------+
| Tables_in_NBA |
+---------------+
| Team          |
+---------------+
1 row in set (0.00 sec)

mysql> select *from Team;
+----------+--------------+----------+----------+
| name     | city         | trophies | networth |
+----------+--------------+----------+----------+
| Warriors | Sanfrancisco |        4 | NULL     |
| Lakers   | Losangeles   |       15 | 3000000  |
| Celtics  | Boston       |       17 | NULL     |
| Bulls    | Chicago      |        6 | NULL     |
+----------+--------------+----------+----------+
4 rows in set (0.00 sec)

mysql> create table new(name varchar(20),city varchar(20),days int, hours int);
Query OK, 0 rows affected (0.04 sec)

mysql> show tables;
+---------------+
| Tables_in_NBA |
+---------------+
| Team          |
| new           |
+---------------+
2 rows in set (0.00 sec)

mysql> insert into new values("adi","pune",15,8),("mac","mumbai",20,8),("sam","delhi",22,9),("dan","goa",10,7),("gary","pune",30,6);
Query OK, 5 rows affected (0.03 sec)
Records: 5  Duplicates: 0  Warnings: 0

mysql> select *from new;
+------+--------+------+-------+
| name | city   | days | hours |
+------+--------+------+-------+
| adi  | pune   |   15 |     8 |
| mac  | mumbai |   20 |     8 |
| sam  | delhi  |   22 |     9 |
| dan  | goa    |   10 |     7 |
| gary | pune   |   30 |     6 |
+------+--------+------+-------+
5 rows in set (0.00 sec)

mysql> alter table new add coloumn id int ;
ERROR 1064 (42000): You have an error in your SQL syntax; check the manual that corresponds to your MySQL server version for the right syntax to use near 'id int' at line 1
mysql> alter table new add column id int;
Query OK, 0 rows affected (0.04 sec)
Records: 0  Duplicates: 0  Warnings: 0

mysql> select *from new;
+------+--------+------+-------+------+
| name | city   | days | hours | id   |
+------+--------+------+-------+------+
| adi  | pune   |   15 |     8 | NULL |
| mac  | mumbai |   20 |     8 | NULL |
| sam  | delhi  |   22 |     9 | NULL |
| dan  | goa    |   10 |     7 | NULL |
| gary | pune   |   30 |     6 | NULL |
+------+--------+------+-------+------+
5 rows in set (0.01 sec)

mysql> update new set id = 1 where name="adi";
Query OK, 1 row affected (0.01 sec)
Rows matched: 1  Changed: 1  Warnings: 0

mysql> select *from new;
+------+--------+------+-------+------+
| name | city   | days | hours | id   |
+------+--------+------+-------+------+
| adi  | pune   |   15 |     8 |    1 |
| mac  | mumbai |   20 |     8 | NULL |
| sam  | delhi  |   22 |     9 | NULL |
| dan  | goa    |   10 |     7 | NULL |
| gary | pune   |   30 |     6 | NULL |
+------+--------+------+-------+------+
5 rows in set (0.00 sec)

mysql> update new set id = 2 where name="mac";
Query OK, 1 row affected (0.02 sec)
Rows matched: 1  Changed: 1  Warnings: 0

mysql> update new set id = 3 where name="sam";
Query OK, 1 row affected (0.02 sec)
Rows matched: 1  Changed: 1  Warnings: 0

mysql> update new set id = 4 where name="dan";
Query OK, 1 row affected (0.02 sec)
Rows matched: 1  Changed: 1  Warnings: 0

mysql> 
mysql> select *from new;
+------+--------+------+-------+------+
| name | city   | days | hours | id   |
+------+--------+------+-------+------+
| adi  | pune   |   15 |     8 |    1 |
| mac  | mumbai |   20 |     8 |    2 |
| sam  | delhi  |   22 |     9 |    3 |
| dan  | goa    |   10 |     7 |    4 |
| gary | pune   |   30 |     6 | NULL |
+------+--------+------+-------+------+
5 rows in set (0.00 sec)

mysql> update new set id = 5 where name="gary";
Query OK, 1 row affected (0.02 sec)
Rows matched: 1  Changed: 1  Warnings: 0

mysql> select *from new;
+------+--------+------+-------+------+
| name | city   | days | hours | id   |
+------+--------+------+-------+------+
| adi  | pune   |   15 |     8 |    1 |
| mac  | mumbai |   20 |     8 |    2 |
| sam  | delhi  |   22 |     9 |    3 |
| dan  | goa    |   10 |     7 |    4 |
| gary | pune   |   30 |     6 |    5 |
+------+--------+------+-------+------+
5 rows in set (0.00 sec)

mysql> alter table Team add column id int;
Query OK, 0 rows affected (0.04 sec)
Records: 0  Duplicates: 0  Warnings: 0

mysql> select *from Team;
+----------+--------------+----------+----------+------+
| name     | city         | trophies | networth | id   |
+----------+--------------+----------+----------+------+
| Warriors | Sanfrancisco |        4 | NULL     | NULL |
| Lakers   | Losangeles   |       15 | 3000000  | NULL |
| Celtics  | Boston       |       17 | NULL     | NULL |
| Bulls    | Chicago      |        6 | NULL     | NULL |
+----------+--------------+----------+----------+------+
4 rows in set (0.00 sec)

mysql> update Team  set id = 1 where trophies=4;
Query OK, 1 row affected (0.00 sec)
Rows matched: 1  Changed: 1  Warnings: 0

mysql> select *from Team;
+----------+--------------+----------+----------+------+
| name     | city         | trophies | networth | id   |
+----------+--------------+----------+----------+------+
| Warriors | Sanfrancisco |        4 | NULL     |    1 |
| Lakers   | Losangeles   |       15 | 3000000  | NULL |
| Celtics  | Boston       |       17 | NULL     | NULL |
| Bulls    | Chicago      |        6 | NULL     | NULL |
+----------+--------------+----------+----------+------+
4 rows in set (0.00 sec)

mysql> update Team  set id = 2 where trophies=15;
Query OK, 1 row affected (0.03 sec)
Rows matched: 1  Changed: 1  Warnings: 0

mysql> update Team  set id = 3 where trophies=17;
Query OK, 1 row affected (0.03 sec)
Rows matched: 1  Changed: 1  Warnings: 0

mysql> update Team  set id = 4 where trophies=6;
Query OK, 1 row affected (0.03 sec)
Rows matched: 1  Changed: 1  Warnings: 0

mysql> select *from Team;
+----------+--------------+----------+----------+------+
| name     | city         | trophies | networth | id   |
+----------+--------------+----------+----------+------+
| Warriors | Sanfrancisco |        4 | NULL     |    1 |
| Lakers   | Losangeles   |       15 | 3000000  |    2 |
| Celtics  | Boston       |       17 | NULL     |    3 |
| Bulls    | Chicago      |        6 | NULL     |    4 |
+----------+--------------+----------+----------+------+
4 rows in set (0.00 sec)

mysql> select Team.id,new.name,Team.name from Team inner join new on Team.id=new.id;
+------+------+----------+
| id   | name | name     |
+------+------+----------+
|    1 | adi  | Warriors |
|    2 | mac  | Lakers   |
|    3 | sam  | Celtics  |
|    4 | dan  | Bulls    |
+------+------+----------+
4 rows in set (0.00 sec)

mysql> select Team.name,new.name from new left join Team on Team.id=new.id;
+----------+------+
| name     | name |
+----------+------+
| Warriors | adi  |
| Lakers   | mac  |
| Celtics  | sam  |
| Bulls    | dan  |
| NULL     | gary |
+----------+------+
5 rows in set (0.00 sec)

mysql> select Team.name,new.name from new left join new on Team.id=new.id;
ERROR 1066 (42000): Not unique table/alias: 'new'
mysql> select Team.name,new.name from Team left join new on Team.id=new.id;
+----------+------+
| name     | name |
+----------+------+
| Warriors | adi  |
| Lakers   | mac  |
| Celtics  | sam  |
| Bulls    | dan  |
+----------+------+
4 rows in set (0.00 sec)

mysql> select Team.name,new.name from new left join Team on Team.id=new.id;
+----------+------+
| name     | name |
+----------+------+
| Warriors | adi  |
| Lakers   | mac  |
| Celtics  | sam  |
| Bulls    | dan  |
| NULL     | gary |
+----------+------+
5 rows in set (0.00 sec)

mysql> select count(new.id) , city from new group by city;
+---------------+--------+
| count(new.id) | city   |
+---------------+--------+
|             2 | pune   |
|             1 | mumbai |
|             1 | delhi  |
|             1 | goa    |
+---------------+--------+
4 rows in set (0.02 sec)

mysql> select count(trophies),name from Team group by trphies having count(trophies)>5;
ERROR 1054 (42S22): Unknown column 'trphies' in 'group statement'
mysql> select count(trophies),name from Team group by trophies having count(trophies)>5;
ERROR 1055 (42000): Expression #2 of SELECT list is not in GROUP BY clause and contains nonaggregated column 'NBA.Team.name' which is not functionally dependent on columns in GROUP BY clause; this is incompatible with sql_mode=only_full_group_by
mysql> select count(trophies),name from Team group by name having count(trophies)>5;
Empty set (0.00 sec)

mysql> ^C
mysql> select count(new.id),city from new group by city having count(new.id)>=2; 
+---------------+------+
| count(new.id) | city |
+---------------+------+
|             2 | pune |
+---------------+------+
1 row in set (0.00 sec)

mysql> select Team.name,new.name from new full outer join Team on Team.id=new.id
;
ERROR 1064 (42000): You have an error in your SQL syntax; check the manual that corresponds to your MySQL server version for the right syntax to use near 'outer join Team on Team.id=new.id' at line 1
mysql> select Team.name,new.name from Team full outer join new on Team.id=new.id
order by new.id;
ERROR 1064 (42000): You have an error in your SQL syntax; check the manual that corresponds to your MySQL server version for the right syntax to use near 'outer join new on Team.id=new.idorder by new.id' at line 1
ERROR 1064 (42000): You have an error in your SQL syntax; check the manual that corresponds to your MySQL server version for the right syntax to use near 'outer join new on Team.id=new.idorder by new.id' at line 1
mysql> insert into new values("adam","pune",15,8),("maxx","mumbai",20,8),("sunny","delhi",22,9),("maddy","goa",10,7),("ammy","pune",30,6);
ERROR 1136 (21S01): Column count doesn't match value count at row 1
mysql> select *from new;
+------+--------+------+-------+------+
| name | city   | days | hours | id   |
+------+--------+------+-------+------+
| adi  | pune   |   15 |     8 |    1 |
| mac  | mumbai |   20 |     8 |    2 |
| sam  | delhi  |   22 |     9 |    3 |
| dan  | goa    |   10 |     7 |    4 |
| gary | pune   |   30 |     6 |    5 |
+------+--------+------+-------+------+
5 rows in set (0.00 sec)

mysql> insert into new values("adam","pune",15,8),("maxx","mumbai",20,8),("sunny","delhi",22,9),("maddy","goa",10,7),("ammy","pune",30,6);
ERROR 1136 (21S01): Column count doesn't match value count at row 1
mysql> insert into new values("adam","pune",15,8,6),("maxx","mumbai",20,8,7),("sunny","delhi",22,9,8),("maddy","goa",10,7,9),("ammy","pune",30,6,10);
Query OK, 5 rows affected (0.01 sec)
Records: 5  Duplicates: 0  Warnings: 0

mysql> select *from new;
+-------+--------+------+-------+------+
| name  | city   | days | hours | id   |
+-------+--------+------+-------+------+
| adi   | pune   |   15 |     8 |    1 |
| mac   | mumbai |   20 |     8 |    2 |
| sam   | delhi  |   22 |     9 |    3 |
| dan   | goa    |   10 |     7 |    4 |
| gary  | pune   |   30 |     6 |    5 |
| adam  | pune   |   15 |     8 |    6 |
| maxx  | mumbai |   20 |     8 |    7 |
| sunny | delhi  |   22 |     9 |    8 |
| maddy | goa    |   10 |     7 |    9 |
| ammy  | pune   |   30 |     6 |   10 |
+-------+--------+------+-------+------+
10 rows in set (0.01 sec)

mysql> select Team.name,new.name from Team full outer join new on Team.id=new.idorder by new.id;
ERROR 1064 (42000): You have an error in your SQL syntax; check the manual that corresponds to your MySQL server version for the right syntax to use near 'outer join new on Team.id=new.idorder by new.id' at line 1
mysql> select count(new.id),city from new group by city having count(new.id)>=2;
+---------------+--------+
| count(new.id) | city   |
+---------------+--------+
|             4 | pune   |
|             2 | mumbai |
|             2 | delhi  |
|             2 | goa    |
+---------------+--------+
4 rows in set (0.00 sec)

mysql> select Team.name,new.name from new left join Team on Team.id=new.id;
+----------+-------+
| name     | name  |
+----------+-------+
| Warriors | adi   |
| Lakers   | mac   |
| Celtics  | sam   |
| Bulls    | dan   |
| NULL     | gary  |
| NULL     | adam  |
| NULL     | maxx  |
| NULL     | sunny |
| NULL     | maddy |
| NULL     | ammy  |
+----------+-------+
10 rows in set (0.00 sec)

mysql> select Team.name,new.name from new right join Team on Team.id=new.id;
+----------+------+
| name     | name |
+----------+------+
| Warriors | adi  |
| Lakers   | mac  |
| Celtics  | sam  |
| Bulls    | dan  |
+----------+------+
4 rows in set (0.00 sec)

mysql> select new.name ,Team.id from new full outer join Team on new.id=Team.id; 
ERROR 1064 (42000): You have an error in your SQL syntax; check the manual that corresponds to your MySQL server version for the right syntax to use near 'outer join Team on new.id=Team.id' at line 1
mysql> select new.name,count(new.id) from Team inner join new on new.id=Team.id group by id having count(new.id)>=2;
ERROR 1052 (23000): Column 'id' in group statement is ambiguous
mysql> select new.name,count(new.id) from Team inner join new on new.id=Team.id
group by new.id having count(new.id)>=2;
ERROR 1055 (42000): Expression #1 of SELECT list is not in GROUP BY clause and contains nonaggregated column 'NBA.new.name' which is not functionally dependent on columns in GROUP BY clause; this is incompatible with sql_mode=only_full_group_by
mysql> select a.name as name1,b.name as name 2,a.city from new a ,new b where a.new,id<>b.new.id and a.city=b.city order by a.city;
ERROR 1064 (42000): You have an error in your SQL syntax; check the manual that corresponds to your MySQL server version for the right syntax to use near '2,a.city from new a ,new b where a.new,id<>b.new.id and a.city=b.city order by a' at line 1
mysql> select a.name as name1,b.name as name2,a.city from new a ,new b where a.new,id<>b.new.id and a.city=b.city order by a.city;
ERROR 1064 (42000): You have an error in your SQL syntax; check the manual that corresponds to your MySQL server version for the right syntax to use near ',id<>b.new.id and a.city=b.city order by a.city' at line 1
mysql> select a.name as name1,b.name as name2,a.city from new a ,new b where a.new,id=b.new.id and a.city=b.city order by a.city;
ERROR 1064 (42000): You have an error in your SQL syntax; check the manual that corresponds to your MySQL server version for the right syntax to use near ',id=b.new.id and a.city=b.city order by a.city' at line 1
mysql> select Team.name,new.name from new full outer join Team on Team.id=new.id;
ERROR 1064 (42000): You have an error in your SQL syntax; check the manual that corresponds to your MySQL server version for the right syntax to use near 'outer join Team on Team.id=new.id' at line 1
mysql> select count(new.id),city from new group by city having count(new.id)>=2 where days>=27;
ERROR 1064 (42000): You have an error in your SQL syntax; check the manual that corresponds to your MySQL server version for the right syntax to use near 'where days>=27' at line 1
mysql> select count(new.id),city from new where days>=27 group by city having count(new.id)>=2 ;
+---------------+------+
| count(new.id) | city |
+---------------+------+
|             2 | pune |
+---------------+------+
1 row in set (0.00 sec)

mysql> select count(new.id),city from new where days>=27 group by city having count(new.id)>=1 ;
+---------------+------+
| count(new.id) | city |
+---------------+------+
|             2 | pune |
+---------------+------+
1 row in set (0.00 sec)

mysql> select count(new.id),city from new where days>=27 group by city having count(new.id)>=1 ;
+---------------+------+
| count(new.id) | city |
+---------------+------+
|             2 | pune |
+---------------+------+
1 row in set (0.00 sec)

mysql> create view [new] as select name,city from new;
ERROR 1064 (42000): You have an error in your SQL syntax; check the manual that corresponds to your MySQL server version for the right syntax to use near '[new] as select name,city from new' at line 1
mysql> create view new as select name,city from new;
ERROR 1050 (42S01): Table 'new' already exists
mysql> create view new1 as select name,city from new;
Query OK, 0 rows affected (0.03 sec)

mysql> select new.name,Team.name,new.id from new cross join Team;
+-------+----------+------+
| name  | name     | id   |
+-------+----------+------+
| adi   | Bulls    |    1 |
| adi   | Celtics  |    1 |
| adi   | Lakers   |    1 |
| adi   | Warriors |    1 |
| mac   | Bulls    |    2 |
| mac   | Celtics  |    2 |
| mac   | Lakers   |    2 |
| mac   | Warriors |    2 |
| sam   | Bulls    |    3 |
| sam   | Celtics  |    3 |
| sam   | Lakers   |    3 |
| sam   | Warriors |    3 |
| dan   | Bulls    |    4 |
| dan   | Celtics  |    4 |
| dan   | Lakers   |    4 |
| dan   | Warriors |    4 |
| gary  | Bulls    |    5 |
| gary  | Celtics  |    5 |
| gary  | Lakers   |    5 |
| gary  | Warriors |    5 |
| adam  | Bulls    |    6 |
| adam  | Celtics  |    6 |
| adam  | Lakers   |    6 |
| adam  | Warriors |    6 |
| maxx  | Bulls    |    7 |
| maxx  | Celtics  |    7 |
| maxx  | Lakers   |    7 |
| maxx  | Warriors |    7 |
| sunny | Bulls    |    8 |
| sunny | Celtics  |    8 |
| sunny | Lakers   |    8 |
| sunny | Warriors |    8 |
| maddy | Bulls    |    9 |
| maddy | Celtics  |    9 |
| maddy | Lakers   |    9 |
| maddy | Warriors |    9 |
| ammy  | Bulls    |   10 |
| ammy  | Celtics  |   10 |
| ammy  | Lakers   |   10 |
| ammy  | Warriors |   10 |
+-------+----------+------+
40 rows in set (0.00 sec)

mysql> select new.name,Team.name,new.id from Team cross join new;
+-------+----------+------+
| name  | name     | id   |
+-------+----------+------+
| adi   | Bulls    |    1 |
| adi   | Celtics  |    1 |
| adi   | Lakers   |    1 |
| adi   | Warriors |    1 |
| mac   | Bulls    |    2 |
| mac   | Celtics  |    2 |
| mac   | Lakers   |    2 |
| mac   | Warriors |    2 |
| sam   | Bulls    |    3 |
| sam   | Celtics  |    3 |
| sam   | Lakers   |    3 |
| sam   | Warriors |    3 |
| dan   | Bulls    |    4 |
| dan   | Celtics  |    4 |
| dan   | Lakers   |    4 |
| dan   | Warriors |    4 |
| gary  | Bulls    |    5 |
| gary  | Celtics  |    5 |
| gary  | Lakers   |    5 |
| gary  | Warriors |    5 |
| adam  | Bulls    |    6 |
| adam  | Celtics  |    6 |
| adam  | Lakers   |    6 |
| adam  | Warriors |    6 |
| maxx  | Bulls    |    7 |
| maxx  | Celtics  |    7 |
| maxx  | Lakers   |    7 |
| maxx  | Warriors |    7 |
| sunny | Bulls    |    8 |
| sunny | Celtics  |    8 |
| sunny | Lakers   |    8 |
| sunny | Warriors |    8 |
| maddy | Bulls    |    9 |
| maddy | Celtics  |    9 |
| maddy | Lakers   |    9 |
| maddy | Warriors |    9 |
| ammy  | Bulls    |   10 |
| ammy  | Celtics  |   10 |
| ammy  | Lakers   |   10 |
| ammy  | Warriors |   10 |
+-------+----------+------+
40 rows in set (0.00 sec)

mysql> select new.name,Team.name,new.id from Team cross join new where id>=7;
ERROR 1052 (23000): Column 'id' in where clause is ambiguous
mysql> select new.name,Team.name,new.id from Team cross join new where new.id>=7;
+-------+----------+------+
| name  | name     | id   |
+-------+----------+------+
| ammy  | Warriors |   10 |
| maddy | Warriors |    9 |
| sunny | Warriors |    8 |
| maxx  | Warriors |    7 |
| ammy  | Lakers   |   10 |
| maddy | Lakers   |    9 |
| sunny | Lakers   |    8 |
| maxx  | Lakers   |    7 |
| ammy  | Celtics  |   10 |
| maddy | Celtics  |    9 |
| sunny | Celtics  |    8 |
| maxx  | Celtics  |    7 |
| ammy  | Bulls    |   10 |
| maddy | Bulls    |    9 |
| sunny | Bulls    |    8 |
| maxx  | Bulls    |    7 |
+-------+----------+------+
16 rows in set (0.00 sec)

mysql> select new.name,Team.name,new.id from Team cross join new where new.id>=9;
+-------+----------+------+
| name  | name     | id   |
+-------+----------+------+
| ammy  | Warriors |   10 |
| maddy | Warriors |    9 |
| ammy  | Lakers   |   10 |
| maddy | Lakers   |    9 |
| ammy  | Celtics  |   10 |
| maddy | Celtics  |    9 |
| ammy  | Bulls    |   10 |
| maddy | Bulls    |    9 |
+-------+----------+------+
8 rows in set (0.00 sec)

mysql> select new.name,Team.name,new.id from Team full join new where new.id>=9;

ERROR 1054 (42S22): Unknown column 'Team.name' in 'field list'
mysql> select new.name,Team.name,new.id from new full join Team where new.id>=9;

ERROR 1054 (42S22): Unknown column 'new.name' in 'field list'
mysql> select new.name,Team.name,new.id from new full join Team on Team.id=new.id;
ERROR 1054 (42S22): Unknown column 'new.name' in 'field list'
ERROR 1054 (42S22): Unknown column 'new.name' in 'field list'am on Team.id=new.id;
mysql> select * from new where id between 4 and 6;
+------+------+------+-------+------+
| name | city | days | hours | id   |
+------+------+------+-------+------+
| dan  | goa  |   10 |     7 |    4 |
| gary | pune |   30 |     6 |    5 |
| adam | pune |   15 |     8 |    6 |
+------+------+------+-------+------+
3 rows in set (0.00 sec)

mysql> select * from new where id > (select id from new where id between 3 and 9);
ERROR 1242 (21000): Subquery returns more than 1 row
mysql> select * from new where id > (select id from new where id between 3);
ERROR 1064 (42000): You have an error in your SQL syntax; check the manual that corresponds to your MySQL server version for the right syntax to use near ')' at line 1
mysql> select * from new where id > (select id from new where id =3);
+-------+--------+------+-------+------+
| name  | city   | days | hours | id   |
+-------+--------+------+-------+------+
| dan   | goa    |   10 |     7 |    4 |
| gary  | pune   |   30 |     6 |    5 |
| adam  | pune   |   15 |     8 |    6 |
| maxx  | mumbai |   20 |     8 |    7 |
| sunny | delhi  |   22 |     9 |    8 |
| maddy | goa    |   10 |     7 |    9 |
| ammy  | pune   |   30 |     6 |   10 |
+-------+--------+------+-------+------+
7 rows in set (0.00 sec)

mysql> select * from new where id > (select id from new where id =6);
+-------+--------+------+-------+------+
| name  | city   | days | hours | id   |
+-------+--------+------+-------+------+
| maxx  | mumbai |   20 |     8 |    7 |
| sunny | delhi  |   22 |     9 |    8 |
| maddy | goa    |   10 |     7 |    9 |
| ammy  | pune   |   30 |     6 |   10 |
+-------+--------+------+-------+------+
4 rows in set (0.00 sec)

mysql> select name,city from new where id between 4 and 6;
+------+------+
| name | city |
+------+------+
| dan  | goa  |
| gary | pune |
| adam | pune |
+------+------+
3 rows in set (0.01 sec)

mysql> select name,city from new where id in (2,4);
+------+--------+
| name | city   |
+------+--------+
| mac  | mumbai |
| dan  | goa    |
+------+--------+
2 rows in set (0.01 sec)

mysql> ^C
mysql> exit
